com\example\TravelSathi\Entity\Stay.class
com\example\TravelSathi\Config\JwtUtil.class
com\example\TravelSathi\controller\AdminController.class
com\example\TravelSathi\Config\JwtRequestFilter.class
com\example\TravelSathi\controller\FlightController.class
com\example\TravelSathi\Repository\StayRepository.class
com\example\TravelSathi\Service\UserServiceImpl.class
com\example\TravelSathi\controller\UserController.class
com\example\TravelSathi\Repository\CarRepository.class
com\example\TravelSathi\Service\UserService.class
com\example\TravelSathi\TravelSathiApplication.class
com\example\TravelSathi\Entity\Booking.class
com\example\TravelSathi\Entity\Car.class
com\example\TravelSathi\Entity\Otp.class
com\example\TravelSathi\controller\CarController.class
com\example\TravelSathi\Repository\UserRepository.class
com\example\TravelSathi\controller\StayController.class
com\example\TravelSathi\Config\SecurityConfig.class
com\example\TravelSathi\Repository\FlightRepository.class
com\example\TravelSathi\Entity\Flight.class
com\example\TravelSathi\Repository\OtpRepository.class
com\example\TravelSathi\controller\BookingController.class
com\example\TravelSathi\Service\CustomerUserDetailsService.class
com\example\TravelSathi\Repository\BookingRepository.class
com\example\TravelSathi\Entity\User.class
