C:\Users\kanch\OneDrive\Documents\springprojects\TravelSathi\TravelSathi\src\main\java\com\example\TravelSathi\Config\JwtRequestFilter.java
C:\Users\kanch\OneDrive\Documents\springprojects\TravelSathi\TravelSathi\src\main\java\com\example\TravelSathi\Config\JwtUtil.java
C:\Users\kanch\OneDrive\Documents\springprojects\TravelSathi\TravelSathi\src\main\java\com\example\TravelSathi\Config\SecurityConfig.java
C:\Users\kanch\OneDrive\Documents\springprojects\TravelSathi\TravelSathi\src\main\java\com\example\TravelSathi\controller\AdminController.java
C:\Users\kanch\OneDrive\Documents\springprojects\TravelSathi\TravelSathi\src\main\java\com\example\TravelSathi\controller\BookingController.java
C:\Users\kanch\OneDrive\Documents\springprojects\TravelSathi\TravelSathi\src\main\java\com\example\TravelSathi\controller\CarController.java
C:\Users\kanch\OneDrive\Documents\springprojects\TravelSathi\TravelSathi\src\main\java\com\example\TravelSathi\controller\FlightController.java
C:\Users\kanch\OneDrive\Documents\springprojects\TravelSathi\TravelSathi\src\main\java\com\example\TravelSathi\controller\StayController.java
C:\Users\kanch\OneDrive\Documents\springprojects\TravelSathi\TravelSathi\src\main\java\com\example\TravelSathi\controller\UserController.java
C:\Users\kanch\OneDrive\Documents\springprojects\TravelSathi\TravelSathi\src\main\java\com\example\TravelSathi\Entity\Booking.java
C:\Users\kanch\OneDrive\Documents\springprojects\TravelSathi\TravelSathi\src\main\java\com\example\TravelSathi\Entity\Car.java
C:\Users\kanch\OneDrive\Documents\springprojects\TravelSathi\TravelSathi\src\main\java\com\example\TravelSathi\Entity\Flight.java
C:\Users\kanch\OneDrive\Documents\springprojects\TravelSathi\TravelSathi\src\main\java\com\example\TravelSathi\Entity\Otp.java
C:\Users\kanch\OneDrive\Documents\springprojects\TravelSathi\TravelSathi\src\main\java\com\example\TravelSathi\Entity\Stay.java
C:\Users\kanch\OneDrive\Documents\springprojects\TravelSathi\TravelSathi\src\main\java\com\example\TravelSathi\Entity\User.java
C:\Users\kanch\OneDrive\Documents\springprojects\TravelSathi\TravelSathi\src\main\java\com\example\TravelSathi\Repository\BookingRepository.java
C:\Users\kanch\OneDrive\Documents\springprojects\TravelSathi\TravelSathi\src\main\java\com\example\TravelSathi\Repository\CarRepository.java
C:\Users\kanch\OneDrive\Documents\springprojects\TravelSathi\TravelSathi\src\main\java\com\example\TravelSathi\Repository\FlightRepository.java
C:\Users\kanch\OneDrive\Documents\springprojects\TravelSathi\TravelSathi\src\main\java\com\example\TravelSathi\Repository\OtpRepository.java
C:\Users\kanch\OneDrive\Documents\springprojects\TravelSathi\TravelSathi\src\main\java\com\example\TravelSathi\Repository\StayRepository.java
C:\Users\kanch\OneDrive\Documents\springprojects\TravelSathi\TravelSathi\src\main\java\com\example\TravelSathi\Repository\UserRepository.java
C:\Users\kanch\OneDrive\Documents\springprojects\TravelSathi\TravelSathi\src\main\java\com\example\TravelSathi\Service\CustomerUserDetailsService.java
C:\Users\kanch\OneDrive\Documents\springprojects\TravelSathi\TravelSathi\src\main\java\com\example\TravelSathi\Service\UserService.java
C:\Users\kanch\OneDrive\Documents\springprojects\TravelSathi\TravelSathi\src\main\java\com\example\TravelSathi\Service\UserServiceImpl.java
C:\Users\kanch\OneDrive\Documents\springprojects\TravelSathi\TravelSathi\src\main\java\com\example\TravelSathi\TravelSathiApplication.java
